Archive member included to satisfy reference by file (symbol)

c:/st/stm32cubeide_1.10.1/stm32cubeide/plugins/com.st.stm32cube.ide.mcu.externaltools.gnu-tools-for-stm32.10.3-2021.10.win32_1.0.0.202111181127/tools/bin/../lib/gcc/arm-none-eabi/10.3.1/../../../../arm-none-eabi/lib/thumb/v7e-m+fp/hard\libc_nano.a(lib_a-exit.o)
                              c:/st/stm32cubeide_1.10.1/stm32cubeide/plugins/com.st.stm32cube.ide.mcu.externaltools.gnu-tools-for-stm32.10.3-2021.10.win32_1.0.0.202111181127/tools/bin/../lib/gcc/arm-none-eabi/10.3.1/../../../../arm-none-eabi/lib/thumb/v7e-m+fp/hard/crt0.o (exit)
c:/st/stm32cubeide_1.10.1/stm32cubeide/plugins/com.st.stm32cube.ide.mcu.externaltools.gnu-tools-for-stm32.10.3-2021.10.win32_1.0.0.202111181127/tools/bin/../lib/gcc/arm-none-eabi/10.3.1/../../../../arm-none-eabi/lib/thumb/v7e-m+fp/hard\libc_nano.a(lib_a-impure.o)
                              c:/st/stm32cubeide_1.10.1/stm32cubeide/plugins/com.st.stm32cube.ide.mcu.externaltools.gnu-tools-for-stm32.10.3-2021.10.win32_1.0.0.202111181127/tools/bin/../lib/gcc/arm-none-eabi/10.3.1/../../../../arm-none-eabi/lib/thumb/v7e-m+fp/hard\libc_nano.a(lib_a-exit.o) (_global_impure_ptr)
c:/st/stm32cubeide_1.10.1/stm32cubeide/plugins/com.st.stm32cube.ide.mcu.externaltools.gnu-tools-for-stm32.10.3-2021.10.win32_1.0.0.202111181127/tools/bin/../lib/gcc/arm-none-eabi/10.3.1/../../../../arm-none-eabi/lib/thumb/v7e-m+fp/hard\libc_nano.a(lib_a-init.o)
                              c:/st/stm32cubeide_1.10.1/stm32cubeide/plugins/com.st.stm32cube.ide.mcu.externaltools.gnu-tools-for-stm32.10.3-2021.10.win32_1.0.0.202111181127/tools/bin/../lib/gcc/arm-none-eabi/10.3.1/../../../../arm-none-eabi/lib/thumb/v7e-m+fp/hard/crt0.o (__libc_init_array)
c:/st/stm32cubeide_1.10.1/stm32cubeide/plugins/com.st.stm32cube.ide.mcu.externaltools.gnu-tools-for-stm32.10.3-2021.10.win32_1.0.0.202111181127/tools/bin/../lib/gcc/arm-none-eabi/10.3.1/../../../../arm-none-eabi/lib/thumb/v7e-m+fp/hard\libc_nano.a(lib_a-memset.o)
                              c:/st/stm32cubeide_1.10.1/stm32cubeide/plugins/com.st.stm32cube.ide.mcu.externaltools.gnu-tools-for-stm32.10.3-2021.10.win32_1.0.0.202111181127/tools/bin/../lib/gcc/arm-none-eabi/10.3.1/../../../../arm-none-eabi/lib/thumb/v7e-m+fp/hard/crt0.o (memset)
c:/st/stm32cubeide_1.10.1/stm32cubeide/plugins/com.st.stm32cube.ide.mcu.externaltools.gnu-tools-for-stm32.10.3-2021.10.win32_1.0.0.202111181127/tools/bin/../lib/gcc/arm-none-eabi/10.3.1/../../../../arm-none-eabi/lib/thumb/v7e-m+fp/hard\libc_nano.a(lib_a-strlen.o)
                              ./src/tiny_printf.o (strlen)
c:/st/stm32cubeide_1.10.1/stm32cubeide/plugins/com.st.stm32cube.ide.mcu.externaltools.gnu-tools-for-stm32.10.3-2021.10.win32_1.0.0.202111181127/tools/bin/../lib/gcc/arm-none-eabi/10.3.1/../../../../arm-none-eabi/lib/thumb/v7e-m+fp/hard\libnosys.a(write.o)
                              ./src/tiny_printf.o (_write)
c:/st/stm32cubeide_1.10.1/stm32cubeide/plugins/com.st.stm32cube.ide.mcu.externaltools.gnu-tools-for-stm32.10.3-2021.10.win32_1.0.0.202111181127/tools/bin/../lib/gcc/arm-none-eabi/10.3.1/../../../../arm-none-eabi/lib/thumb/v7e-m+fp/hard\libnosys.a(_exit.o)
                              c:/st/stm32cubeide_1.10.1/stm32cubeide/plugins/com.st.stm32cube.ide.mcu.externaltools.gnu-tools-for-stm32.10.3-2021.10.win32_1.0.0.202111181127/tools/bin/../lib/gcc/arm-none-eabi/10.3.1/../../../../arm-none-eabi/lib/thumb/v7e-m+fp/hard\libc_nano.a(lib_a-exit.o) (_exit)
c:/st/stm32cubeide_1.10.1/stm32cubeide/plugins/com.st.stm32cube.ide.mcu.externaltools.gnu-tools-for-stm32.10.3-2021.10.win32_1.0.0.202111181127/tools/bin/../lib/gcc/arm-none-eabi/10.3.1/../../../../arm-none-eabi/lib/thumb/v7e-m+fp/hard\libnosys.a(errno.o)
                              c:/st/stm32cubeide_1.10.1/stm32cubeide/plugins/com.st.stm32cube.ide.mcu.externaltools.gnu-tools-for-stm32.10.3-2021.10.win32_1.0.0.202111181127/tools/bin/../lib/gcc/arm-none-eabi/10.3.1/../../../../arm-none-eabi/lib/thumb/v7e-m+fp/hard\libnosys.a(write.o) (errno)

Discarded input sections

 .text          0x0000000000000000        0x0 c:/st/stm32cubeide_1.10.1/stm32cubeide/plugins/com.st.stm32cube.ide.mcu.externaltools.gnu-tools-for-stm32.10.3-2021.10.win32_1.0.0.202111181127/tools/bin/../lib/gcc/arm-none-eabi/10.3.1/thumb/v7e-m+fp/hard/crti.o
 .data          0x0000000000000000        0x0 c:/st/stm32cubeide_1.10.1/stm32cubeide/plugins/com.st.stm32cube.ide.mcu.externaltools.gnu-tools-for-stm32.10.3-2021.10.win32_1.0.0.202111181127/tools/bin/../lib/gcc/arm-none-eabi/10.3.1/thumb/v7e-m+fp/hard/crti.o
 .bss           0x0000000000000000        0x0 c:/st/stm32cubeide_1.10.1/stm32cubeide/plugins/com.st.stm32cube.ide.mcu.externaltools.gnu-tools-for-stm32.10.3-2021.10.win32_1.0.0.202111181127/tools/bin/../lib/gcc/arm-none-eabi/10.3.1/thumb/v7e-m+fp/hard/crti.o
[...]
Memory Configuration

Name             Origin             Length             Attributes
FLASH            0x0000000008000000 0x0000000000100000 xr
RAM              0x0000000020000000 0x0000000000020000 xrw
MEMORY_B1        0x0000000060000000 0x0000000000000000 xr
CCMRAM           0x0000000010000000 0x0000000000010000 rw
*default*        0x0000000000000000 0xffffffffffffffff

Linker script and memory map

LOAD c:/st/stm32cubeide_1.10.1/stm32cubeide/plugins/com.st.stm32cube.ide.mcu.externaltools.gnu-tools-for-stm32.10.3-2021.10.win32_1.0.0.202111181127/tools/bin/../lib/gcc/arm-none-eabi/10.3.1/thumb/v7e-m+fp/hard/crti.o
LOAD c:/st/stm32cubeide_1.10.1/stm32cubeide/plugins/com.st.stm32cube.ide.mcu.externaltools.gnu-tools-for-stm32.10.3-2021.10.win32_1.0.0.202111181127/tools/bin/../lib/gcc/arm-none-eabi/10.3.1/thumb/v7e-m+fp/hard/crtbegin.o
LOAD c:/st/stm32cubeide_1.10.1/stm32cubeide/plugins/com.st.stm32cube.ide.mcu.externaltools.gnu-tools-for-stm32.10.3-2021.10.win32_1.0.0.202111181127/tools/bin/../lib/gcc/arm-none-eabi/10.3.1/../../../../arm-none-eabi/lib/thumb/v7e-m+fp/hard/crt0.o
LOAD ./Libraries/STM32F4xx_StdPeriph_Driver/src/misc.o
LOAD ./Libraries/STM32F4xx_StdPeriph_Driver/src/stm32f4xx_adc.o
LOAD ./Libraries/STM32F4xx_StdPeriph_Driver/src/stm32f4xx_can.o
LOAD ./Libraries/STM32F4xx_StdPeriph_Driver/src/stm32f4xx_crc.o
LOAD ./Libraries/STM32F4xx_StdPeriph_Driver/src/stm32f4xx_cryp.o
LOAD ./Libraries/STM32F4xx_StdPeriph_Driver/src/stm32f4xx_cryp_aes.o
LOAD ./Libraries/STM32F4xx_StdPeriph_Driver/src/stm32f4xx_cryp_des.o
LOAD ./Libraries/STM32F4xx_StdPeriph_Driver/src/stm32f4xx_cryp_tdes.o
LOAD ./Libraries/STM32F4xx_StdPeriph_Driver/src/stm32f4xx_dac.o
LOAD ./Libraries/STM32F4xx_StdPeriph_Driver/src/stm32f4xx_dbgmcu.o
LOAD ./Libraries/STM32F4xx_StdPeriph_Driver/src/stm32f4xx_dcmi.o
LOAD ./Libraries/STM32F4xx_StdPeriph_Driver/src/stm32f4xx_dma.o
LOAD ./Libraries/STM32F4xx_StdPeriph_Driver/src/stm32f4xx_exti.o
LOAD ./Libraries/STM32F4xx_StdPeriph_Driver/src/stm32f4xx_flash.o
LOAD ./Libraries/STM32F4xx_StdPeriph_Driver/src/stm32f4xx_fsmc.o
LOAD ./Libraries/STM32F4xx_StdPeriph_Driver/src/stm32f4xx_gpio.o
LOAD ./Libraries/STM32F4xx_StdPeriph_Driver/src/stm32f4xx_hash.o
LOAD ./Libraries/STM32F4xx_StdPeriph_Driver/src/stm32f4xx_hash_md5.o
LOAD ./Libraries/STM32F4xx_StdPeriph_Driver/src/stm32f4xx_hash_sha1.o
LOAD ./Libraries/STM32F4xx_StdPeriph_Driver/src/stm32f4xx_i2c.o
LOAD ./Libraries/STM32F4xx_StdPeriph_Driver/src/stm32f4xx_iwdg.o
LOAD ./Libraries/STM32F4xx_StdPeriph_Driver/src/stm32f4xx_pwr.o
LOAD ./Libraries/STM32F4xx_StdPeriph_Driver/src/stm32f4xx_rcc.o
LOAD ./Libraries/STM32F4xx_StdPeriph_Driver/src/stm32f4xx_rng.o
LOAD ./Libraries/STM32F4xx_StdPeriph_Driver/src/stm32f4xx_rtc.o
LOAD ./Libraries/STM32F4xx_StdPeriph_Driver/src/stm32f4xx_sdio.o
LOAD ./Libraries/STM32F4xx_StdPeriph_Driver/src/stm32f4xx_spi.o
LOAD ./Libraries/STM32F4xx_StdPeriph_Driver/src/stm32f4xx_syscfg.o
LOAD ./Libraries/STM32F4xx_StdPeriph_Driver/src/stm32f4xx_tim.o
LOAD ./Libraries/STM32F4xx_StdPeriph_Driver/src/stm32f4xx_usart.o
LOAD ./Libraries/STM32F4xx_StdPeriph_Driver/src/stm32f4xx_wwdg.o
LOAD ./Utilities/STM32F4-Discovery/stm32f4_discovery.o
LOAD ./Utilities/STM32F4-Discovery/stm32f4_discovery_audio_codec.o
LOAD ./Utilities/STM32F4-Discovery/stm32f4_discovery_lis302dl.o
LOAD ./src/main.o
LOAD ./src/startup_stm32f40xx.o
LOAD ./src/stm32f4xx_it.o
LOAD ./src/system_stm32f4xx.o
LOAD ./src/tiny_printf.o
START GROUP
LOAD c:/st/stm32cubeide_1.10.1/stm32cubeide/plugins/com.st.stm32cube.ide.mcu.externaltools.gnu-tools-for-stm32.10.3-2021.10.win32_1.0.0.202111181127/tools/bin/../lib/gcc/arm-none-eabi/10.3.1/../../../../arm-none-eabi/lib/thumb/v7e-m+fp/hard\libc_nano.a
LOAD c:/st/stm32cubeide_1.10.1/stm32cubeide/plugins/com.st.stm32cube.ide.mcu.externaltools.gnu-tools-for-stm32.10.3-2021.10.win32_1.0.0.202111181127/tools/bin/../lib/gcc/arm-none-eabi/10.3.1/../../../../arm-none-eabi/lib/thumb/v7e-m+fp/hard\libm.a
END GROUP
START GROUP
LOAD c:/st/stm32cubeide_1.10.1/stm32cubeide/plugins/com.st.stm32cube.ide.mcu.externaltools.gnu-tools-for-stm32.10.3-2021.10.win32_1.0.0.202111181127/tools/bin/../lib/gcc/arm-none-eabi/10.3.1/thumb/v7e-m+fp/hard\libgcc.a
LOAD c:/st/stm32cubeide_1.10.1/stm32cubeide/plugins/com.st.stm32cube.ide.mcu.externaltools.gnu-tools-for-stm32.10.3-2021.10.win32_1.0.0.202111181127/tools/bin/../lib/gcc/arm-none-eabi/10.3.1/../../../../arm-none-eabi/lib/thumb/v7e-m+fp/hard\libc_nano.a
END GROUP
START GROUP
LOAD c:/st/stm32cubeide_1.10.1/stm32cubeide/plugins/com.st.stm32cube.ide.mcu.externaltools.gnu-tools-for-stm32.10.3-2021.10.win32_1.0.0.202111181127/tools/bin/../lib/gcc/arm-none-eabi/10.3.1/thumb/v7e-m+fp/hard\libgcc.a
LOAD c:/st/stm32cubeide_1.10.1/stm32cubeide/plugins/com.st.stm32cube.ide.mcu.externaltools.gnu-tools-for-stm32.10.3-2021.10.win32_1.0.0.202111181127/tools/bin/../lib/gcc/arm-none-eabi/10.3.1/../../../../arm-none-eabi/lib/thumb/v7e-m+fp/hard\libc_nano.a
LOAD c:/st/stm32cubeide_1.10.1/stm32cubeide/plugins/com.st.stm32cube.ide.mcu.externaltools.gnu-tools-for-stm32.10.3-2021.10.win32_1.0.0.202111181127/tools/bin/../lib/gcc/arm-none-eabi/10.3.1/../../../../arm-none-eabi/lib/thumb/v7e-m+fp/hard\libnosys.a
END GROUP
START GROUP
LOAD c:/st/stm32cubeide_1.10.1/stm32cubeide/plugins/com.st.stm32cube.ide.mcu.externaltools.gnu-tools-for-stm32.10.3-2021.10.win32_1.0.0.202111181127/tools/bin/../lib/gcc/arm-none-eabi/10.3.1/thumb/v7e-m+fp/hard\libgcc.a
LOAD c:/st/stm32cubeide_1.10.1/stm32cubeide/plugins/com.st.stm32cube.ide.mcu.externaltools.gnu-tools-for-stm32.10.3-2021.10.win32_1.0.0.202111181127/tools/bin/../lib/gcc/arm-none-eabi/10.3.1/../../../../arm-none-eabi/lib/thumb/v7e-m+fp/hard\libc_nano.a
LOAD c:/st/stm32cubeide_1.10.1/stm32cubeide/plugins/com.st.stm32cube.ide.mcu.externaltools.gnu-tools-for-stm32.10.3-2021.10.win32_1.0.0.202111181127/tools/bin/../lib/gcc/arm-none-eabi/10.3.1/../../../../arm-none-eabi/lib/thumb/v7e-m+fp/hard\libnosys.a
END GROUP
LOAD c:/st/stm32cubeide_1.10.1/stm32cubeide/plugins/com.st.stm32cube.ide.mcu.externaltools.gnu-tools-for-stm32.10.3-2021.10.win32_1.0.0.202111181127/tools/bin/../lib/gcc/arm-none-eabi/10.3.1/thumb/v7e-m+fp/hard/crtend.o
LOAD c:/st/stm32cubeide_1.10.1/stm32cubeide/plugins/com.st.stm32cube.ide.mcu.externaltools.gnu-tools-for-stm32.10.3-2021.10.win32_1.0.0.202111181127/tools/bin/../lib/gcc/arm-none-eabi/10.3.1/thumb/v7e-m+fp/hard/crtn.o
                0x0000000020020000                _estack = 0x20020000
                0x0000000000000000                _Min_Heap_Size = 0x0
                0x0000000000000400                _Min_Stack_Size = 0x400

.isr_vector     0x0000000008000000      0x188
                0x0000000008000000                . = ALIGN (0x4)
 *(.isr_vector)
 .isr_vector    0x0000000008000000      0x188 ./src/startup_stm32f40xx.o
                0x0000000008000000                g_pfnVectors
                0x0000000008000188                . = ALIGN (0x4)

.text           0x0000000008000188      0x774
                0x0000000008000188                . = ALIGN (0x4)
 *(.text)
 .text          0x0000000008000188       0x40 c:/st/stm32cubeide_1.10.1/stm32cubeide/plugins/com.st.stm32cube.ide.mcu.externaltools.gnu-tools-for-stm32.10.3-2021.10.win32_1.0.0.202111181127/tools/bin/../lib/gcc/arm-none-eabi/10.3.1/thumb/v7e-m+fp/hard/crtbegin.o
 *(.text*)
 .text.DAC_SetChannel1Data
                0x00000000080001c8       0x38 ./Libraries/STM32F4xx_StdPeriph_Driver/src/stm32f4xx_dac.o
                0x00000000080001c8                DAC_SetChannel1Data
 .text.DMA_Init
                0x0000000008000200       0xb0 ./Libraries/STM32F4xx_StdPeriph_Driver/src/stm32f4xx_dma.o
                0x0000000008000200                DMA_Init
 .text.DMA_Cmd  0x00000000080002b0       0x38 ./Libraries/STM32F4xx_StdPeriph_Driver/src/stm32f4xx_dma.o
                0x00000000080002b0                DMA_Cmd
 .text.DMA_GetCmdStatus
                0x00000000080002e8       0x30 ./Libraries/STM32F4xx_StdPeriph_Driver/src/stm32f4xx_dma.o
                0x00000000080002e8                DMA_GetCmdStatus
 .text.DMA_GetFlagStatus
                0x0000000008000318       0x78 ./Libraries/STM32F4xx_StdPeriph_Driver/src/stm32f4xx_dma.o
                0x0000000008000318                DMA_GetFlagStatus
 .text.DMA_ClearFlag
                0x0000000008000390       0x5c ./Libraries/STM32F4xx_StdPeriph_Driver/src/stm32f4xx_dma.o
                0x0000000008000390                DMA_ClearFlag
 .text.RCC_AHB1PeriphClockCmd
                0x00000000080003ec       0x40 ./Libraries/STM32F4xx_StdPeriph_Driver/src/stm32f4xx_rcc.o
                0x00000000080003ec                RCC_AHB1PeriphClockCmd
 .text.SPI_I2S_SendData
                0x000000000800042c       0x1e ./Libraries/STM32F4xx_StdPeriph_Driver/src/stm32f4xx_spi.o
                0x000000000800042c                SPI_I2S_SendData
 .text.SPI_I2S_GetFlagStatus
                0x000000000800044a       0x38 ./Libraries/STM32F4xx_StdPeriph_Driver/src/stm32f4xx_spi.o
                0x000000000800044a                SPI_I2S_GetFlagStatus
 *fill*         0x0000000008000482        0x2 
 .text.Audio_MAL_IRQHandler
                0x0000000008000484      0x100 ./Utilities/STM32F4-Discovery/stm32f4_discovery_audio_codec.o
 .text.DMA1_Stream7_IRQHandler
                0x0000000008000584        0xc ./Utilities/STM32F4-Discovery/stm32f4_discovery_audio_codec.o
                0x0000000008000584                DMA1_Stream7_IRQHandler
 .text.DMA1_Stream0_IRQHandler
                0x0000000008000590        0xc ./Utilities/STM32F4-Discovery/stm32f4_discovery_audio_codec.o
                0x0000000008000590                DMA1_Stream0_IRQHandler
 .text.SPI3_IRQHandler
                0x000000000800059c       0x44 ./Utilities/STM32F4-Discovery/stm32f4_discovery_audio_codec.o
                0x000000000800059c                SPI3_IRQHandler
 .text.config   0x00000000080005e0       0x2c ./src/main.o
                0x00000000080005e0                config
 .text.Delay    0x000000000800060c       0x22 ./src/main.o
                0x000000000800060c                Delay
 *fill*         0x000000000800062e        0x2 
 .text.main     0x0000000008000630       0x30 ./src/main.o
                0x0000000008000630                main
 .text.EVAL_AUDIO_TransferComplete_CallBack
                0x0000000008000660       0x16 ./src/main.o
                0x0000000008000660                EVAL_AUDIO_TransferComplete_CallBack
 .text.EVAL_AUDIO_GetSampleCallBack
                0x0000000008000676       0x12 ./src/main.o
                0x0000000008000676                EVAL_AUDIO_GetSampleCallBack
 .text.Reset_Handler
                0x0000000008000688       0x50 ./src/startup_stm32f40xx.o
                0x0000000008000688                Reset_Handler
 .text.Default_Handler
                0x00000000080006d8        0x2 ./src/startup_stm32f40xx.o
                0x00000000080006d8                RTC_Alarm_IRQHandler
                0x00000000080006d8                HASH_RNG_IRQHandler
                0x00000000080006d8                EXTI2_IRQHandler
                0x00000000080006d8                TIM8_CC_IRQHandler
                0x00000000080006d8                TIM1_CC_IRQHandler
                0x00000000080006d8                DMA2_Stream5_IRQHandler
                0x00000000080006d8                DMA1_Stream5_IRQHandler
                0x00000000080006d8                PVD_IRQHandler
                0x00000000080006d8                SDIO_IRQHandler
                0x00000000080006d8                TAMP_STAMP_IRQHandler
                0x00000000080006d8                CAN2_RX1_IRQHandler
                0x00000000080006d8                EXTI3_IRQHandler
                0x00000000080006d8                TIM8_TRG_COM_TIM14_IRQHandler
                0x00000000080006d8                TIM1_UP_TIM10_IRQHandler
                0x00000000080006d8                TIM8_UP_TIM13_IRQHandler
                0x00000000080006d8                I2C3_ER_IRQHandler
                0x00000000080006d8                EXTI0_IRQHandler
                0x00000000080006d8                I2C2_EV_IRQHandler
                0x00000000080006d8                DMA1_Stream2_IRQHandler
                0x00000000080006d8                CAN1_RX0_IRQHandler
                0x00000000080006d8                FPU_IRQHandler
                0x00000000080006d8                OTG_HS_WKUP_IRQHandler
                0x00000000080006d8                CAN2_SCE_IRQHandler
                0x00000000080006d8                DMA2_Stream2_IRQHandler
                0x00000000080006d8                SPI1_IRQHandler
                0x00000000080006d8                TIM6_DAC_IRQHandler
                0x00000000080006d8                TIM1_BRK_TIM9_IRQHandler
                0x00000000080006d8                DCMI_IRQHandler
                0x00000000080006d8                CAN2_RX0_IRQHandler
                0x00000000080006d8                DMA2_Stream3_IRQHandler
                0x00000000080006d8                USART6_IRQHandler
                0x00000000080006d8                USART3_IRQHandler
                0x00000000080006d8                CRYP_IRQHandler
                0x00000000080006d8                CAN1_RX1_IRQHandler
                0x00000000080006d8                UART5_IRQHandler
                0x00000000080006d8                DMA2_Stream0_IRQHandler
                0x00000000080006d8                TIM4_IRQHandler
                0x00000000080006d8                I2C1_EV_IRQHandler
                0x00000000080006d8                DMA1_Stream6_IRQHandler
                0x00000000080006d8                DMA1_Stream1_IRQHandler
                0x00000000080006d8                UART4_IRQHandler
                0x00000000080006d8                TIM3_IRQHandler
                0x00000000080006d8                RCC_IRQHandler
                0x00000000080006d8                TIM8_BRK_TIM12_IRQHandler
                0x00000000080006d8                Default_Handler
                0x00000000080006d8                EXTI15_10_IRQHandler
                0x00000000080006d8                ADC_IRQHandler
                0x00000000080006d8                TIM7_IRQHandler
                0x00000000080006d8                CAN2_TX_IRQHandler
                0x00000000080006d8                TIM5_IRQHandler
                0x00000000080006d8                DMA2_Stream7_IRQHandler
                0x00000000080006d8                I2C3_EV_IRQHandler
                0x00000000080006d8                EXTI9_5_IRQHandler
                0x00000000080006d8                RTC_WKUP_IRQHandler
                0x00000000080006d8                ETH_WKUP_IRQHandler
                0x00000000080006d8                SPI2_IRQHandler
                0x00000000080006d8                OTG_HS_EP1_IN_IRQHandler
                0x00000000080006d8                CAN1_TX_IRQHandler
                0x00000000080006d8                EXTI4_IRQHandler
                0x00000000080006d8                FSMC_IRQHandler
                0x00000000080006d8                ETH_IRQHandler
                0x00000000080006d8                OTG_HS_EP1_OUT_IRQHandler
                0x00000000080006d8                WWDG_IRQHandler
                0x00000000080006d8                TIM2_IRQHandler
                0x00000000080006d8                OTG_FS_WKUP_IRQHandler
                0x00000000080006d8                TIM1_TRG_COM_TIM11_IRQHandler
                0x00000000080006d8                OTG_HS_IRQHandler
                0x00000000080006d8                EXTI1_IRQHandler
                0x00000000080006d8                USART2_IRQHandler
                0x00000000080006d8                I2C2_ER_IRQHandler
                0x00000000080006d8                DMA2_Stream1_IRQHandler
                0x00000000080006d8                CAN1_SCE_IRQHandler
                0x00000000080006d8                FLASH_IRQHandler
                0x00000000080006d8                DMA2_Stream4_IRQHandler
                0x00000000080006d8                USART1_IRQHandler
                0x00000000080006d8                OTG_FS_IRQHandler
                0x00000000080006d8                DMA1_Stream4_IRQHandler
                0x00000000080006d8                I2C1_ER_IRQHandler
                0x00000000080006d8                DMA2_Stream6_IRQHandler
                0x00000000080006d8                DMA1_Stream3_IRQHandler
 .text.NMI_Handler
                0x00000000080006da        0xe ./src/stm32f4xx_it.o
                0x00000000080006da                NMI_Handler
 .text.HardFault_Handler
                0x00000000080006e8        0x6 ./src/stm32f4xx_it.o
                0x00000000080006e8                HardFault_Handler
 .text.MemManage_Handler
                0x00000000080006ee        0x6 ./src/stm32f4xx_it.o
                0x00000000080006ee                MemManage_Handler
 .text.BusFault_Handler
                0x00000000080006f4        0x6 ./src/stm32f4xx_it.o
                0x00000000080006f4                BusFault_Handler
 .text.UsageFault_Handler
                0x00000000080006fa        0x6 ./src/stm32f4xx_it.o
                0x00000000080006fa                UsageFault_Handler
 .text.SVC_Handler
                0x0000000008000700        0xe ./src/stm32f4xx_it.o
                0x0000000008000700                SVC_Handler
 .text.DebugMon_Handler
                0x000000000800070e        0xe ./src/stm32f4xx_it.o
                0x000000000800070e                DebugMon_Handler
 .text.PendSV_Handler
                0x000000000800071c        0xe ./src/stm32f4xx_it.o
                0x000000000800071c                PendSV_Handler
 .text.SysTick_Handler
                0x000000000800072a        0xe ./src/stm32f4xx_it.o
                0x000000000800072a                SysTick_Handler
 .text.SystemInit
                0x0000000008000738       0x6c ./src/system_stm32f4xx.o
                0x0000000008000738                SystemInit
 .text.SetSysClock
                0x00000000080007a4       0xf8 ./src/system_stm32f4xx.o
 .text.__libc_init_array
                0x000000000800089c       0x48 c:/st/stm32cubeide_1.10.1/stm32cubeide/plugins/com.st.stm32cube.ide.mcu.externaltools.gnu-tools-for-stm32.10.3-2021.10.win32_1.0.0.202111181127/tools/bin/../lib/gcc/arm-none-eabi/10.3.1/../../../../arm-none-eabi/lib/thumb/v7e-m+fp/hard\libc_nano.a(lib_a-init.o)
                0x000000000800089c                __libc_init_array
 *(.glue_7)
 .glue_7        0x00000000080008e4        0x0 linker stubs
 *(.glue_7t)
 .glue_7t       0x00000000080008e4        0x0 linker stubs
 *(.eh_frame)
 .eh_frame      0x00000000080008e4        0x0 c:/st/stm32cubeide_1.10.1/stm32cubeide/plugins/com.st.stm32cube.ide.mcu.externaltools.gnu-tools-for-stm32.10.3-2021.10.win32_1.0.0.202111181127/tools/bin/../lib/gcc/arm-none-eabi/10.3.1/thumb/v7e-m+fp/hard/crtbegin.o
 *(.init)
 .init          0x00000000080008e4        0x4 c:/st/stm32cubeide_1.10.1/stm32cubeide/plugins/com.st.stm32cube.ide.mcu.externaltools.gnu-tools-for-stm32.10.3-2021.10.win32_1.0.0.202111181127/tools/bin/../lib/gcc/arm-none-eabi/10.3.1/thumb/v7e-m+fp/hard/crti.o
                0x00000000080008e4                _init
 .init          0x00000000080008e8        0x8 c:/st/stm32cubeide_1.10.1/stm32cubeide/plugins/com.st.stm32cube.ide.mcu.externaltools.gnu-tools-for-stm32.10.3-2021.10.win32_1.0.0.202111181127/tools/bin/../lib/gcc/arm-none-eabi/10.3.1/thumb/v7e-m+fp/hard/crtn.o
 *(.fini)
 .fini          0x00000000080008f0        0x4 c:/st/stm32cubeide_1.10.1/stm32cubeide/plugins/com.st.stm32cube.ide.mcu.externaltools.gnu-tools-for-stm32.10.3-2021.10.win32_1.0.0.202111181127/tools/bin/../lib/gcc/arm-none-eabi/10.3.1/thumb/v7e-m+fp/hard/crti.o
                0x00000000080008f0                _fini
 .fini          0x00000000080008f4        0x8 c:/st/stm32cubeide_1.10.1/stm32cubeide/plugins/com.st.stm32cube.ide.mcu.externaltools.gnu-tools-for-stm32.10.3-2021.10.win32_1.0.0.202111181127/tools/bin/../lib/gcc/arm-none-eabi/10.3.1/thumb/v7e-m+fp/hard/crtn.o
                0x00000000080008fc                . = ALIGN (0x4)
                0x00000000080008fc                _etext = .

.vfp11_veneer   0x00000000080008fc        0x0
 .vfp11_veneer  0x00000000080008fc        0x0 linker stubs

.v4_bx          0x00000000080008fc        0x0
 .v4_bx         0x00000000080008fc        0x0 linker stubs

.iplt           0x00000000080008fc        0x0
 .iplt          0x00000000080008fc        0x0 c:/st/stm32cubeide_1.10.1/stm32cubeide/plugins/com.st.stm32cube.ide.mcu.externaltools.gnu-tools-for-stm32.10.3-2021.10.win32_1.0.0.202111181127/tools/bin/../lib/gcc/arm-none-eabi/10.3.1/thumb/v7e-m+fp/hard/crtbegin.o

.rel.dyn        0x00000000080008fc        0x0
 .rel.iplt      0x00000000080008fc        0x0 c:/st/stm32cubeide_1.10.1/stm32cubeide/plugins/com.st.stm32cube.ide.mcu.externaltools.gnu-tools-for-stm32.10.3-2021.10.win32_1.0.0.202111181127/tools/bin/../lib/gcc/arm-none-eabi/10.3.1/thumb/v7e-m+fp/hard/crtbegin.o

.rodata         0x00000000080008fc        0x0
                0x00000000080008fc                . = ALIGN (0x4)
 *(.rodata)
 *(.rodata*)
                0x00000000080008fc                . = ALIGN (0x4)

.ARM.extab
 *(.ARM.extab* .gnu.linkonce.armextab.*)

.ARM            0x00000000080008fc        0x0
                0x00000000080008fc                __exidx_start = .
 *(.ARM.exidx*)
                0x00000000080008fc                __exidx_end = .

.preinit_array  0x00000000080008fc        0x0
                0x00000000080008fc                PROVIDE (__preinit_array_start = .)
 *(.preinit_array*)
                0x00000000080008fc                PROVIDE (__preinit_array_end = .)

.init_array     0x00000000080008fc        0x4
                0x00000000080008fc                PROVIDE (__init_array_start = .)
 *(SORT_BY_NAME(.init_array.*))
 *(.init_array*)
 .init_array    0x00000000080008fc        0x4 c:/st/stm32cubeide_1.10.1/stm32cubeide/plugins/com.st.stm32cube.ide.mcu.externaltools.gnu-tools-for-stm32.10.3-2021.10.win32_1.0.0.202111181127/tools/bin/../lib/gcc/arm-none-eabi/10.3.1/thumb/v7e-m+fp/hard/crtbegin.o
                0x0000000008000900                PROVIDE (__init_array_end = .)

.fini_array     0x0000000008000900        0x4
                [!provide]                        PROVIDE (__fini_array_start = .)
 *(SORT_BY_NAME(.fini_array.*))
 *(.fini_array*)
 .fini_array    0x0000000008000900        0x4 c:/st/stm32cubeide_1.10.1/stm32cubeide/plugins/com.st.stm32cube.ide.mcu.externaltools.gnu-tools-for-stm32.10.3-2021.10.win32_1.0.0.202111181127/tools/bin/../lib/gcc/arm-none-eabi/10.3.1/thumb/v7e-m+fp/hard/crtbegin.o
                [!provide]                        PROVIDE (__fini_array_end = .)
                0x0000000008000904                _sidata = LOADADDR (.data)

.data           0x0000000020000000       0x10 load address 0x0000000008000904
                0x0000000020000000                . = ALIGN (0x4)
                0x0000000020000000                _sdata = .
 *(.data)
 *(.data*)
 .data.AudioRemSize
                0x0000000020000000        0x4 ./Utilities/STM32F4-Discovery/stm32f4_discovery_audio_codec.o
                0x0000000020000000                AudioRemSize
 .data.CurrAudioInterface
                0x0000000020000004        0x4 ./Utilities/STM32F4-Discovery/stm32f4_discovery_audio_codec.o
                0x0000000020000004                CurrAudioInterface
 .data.AUDIO_MAL_DMA_STREAM
                0x0000000020000008        0x4 ./Utilities/STM32F4-Discovery/stm32f4_discovery_audio_codec.o
                0x0000000020000008                AUDIO_MAL_DMA_STREAM
 .data.AUDIO_MAL_DMA_FLAG_TC
                0x000000002000000c        0x4 ./Utilities/STM32F4-Discovery/stm32f4_discovery_audio_codec.o
                0x000000002000000c                AUDIO_MAL_DMA_FLAG_TC
                0x0000000020000010                . = ALIGN (0x4)
                0x0000000020000010                _edata = .
                0x0000000008000914                _siccmram = LOADADDR (.ccmram)

.igot.plt       0x0000000020000010        0x0 load address 0x0000000008000914
 .igot.plt      0x0000000020000010        0x0 c:/st/stm32cubeide_1.10.1/stm32cubeide/plugins/com.st.stm32cube.ide.mcu.externaltools.gnu-tools-for-stm32.10.3-2021.10.win32_1.0.0.202111181127/tools/bin/../lib/gcc/arm-none-eabi/10.3.1/thumb/v7e-m+fp/hard/crtbegin.o

.ccmram         0x0000000010000000        0x0 load address 0x0000000008000914
                0x0000000010000000                . = ALIGN (0x4)
                0x0000000010000000                _sccmram = .
 *(.ccmram)
 *(.ccmram*)
                0x0000000010000000                . = ALIGN (0x4)
                0x0000000010000000                _eccmram = .
                0x0000000010000000                . = ALIGN (0x4)

.bss            0x0000000020000010       0x5c
                0x0000000020000010                _sbss = .
                0x0000000020000010                __bss_start__ = _sbss
 *(.bss)
 .bss           0x0000000020000010       0x1c c:/st/stm32cubeide_1.10.1/stm32cubeide/plugins/com.st.stm32cube.ide.mcu.externaltools.gnu-tools-for-stm32.10.3-2021.10.win32_1.0.0.202111181127/tools/bin/../lib/gcc/arm-none-eabi/10.3.1/thumb/v7e-m+fp/hard/crtbegin.o
 *(.bss*)
 .bss.DMA_InitStructure
                0x000000002000002c       0x3c ./Utilities/STM32F4-Discovery/stm32f4_discovery_audio_codec.o
                0x000000002000002c                DMA_InitStructure
 .bss.CurrentPos
                0x0000000020000068        0x4 ./Utilities/STM32F4-Discovery/stm32f4_discovery_audio_codec.o
                0x0000000020000068                CurrentPos
 *(COMMON)
                0x000000002000006c                . = ALIGN (0x4)
                0x000000002000006c                _ebss = .
                0x000000002000006c                __bss_end__ = _ebss

._user_heap_stack
                0x000000002000006c      0x400
                0x000000002000006c                . = ALIGN (0x4)
                [!provide]                        PROVIDE (end = .)
                [!provide]                        PROVIDE (_end = .)
                0x000000002000006c                . = (. + _Min_Heap_Size)
                0x000000002000046c                . = (. + _Min_Stack_Size)
 *fill*         0x000000002000006c      0x400 
                0x000000002000046c                . = ALIGN (0x4)

.memory_b1_text
 *(.mb1text)
 *(.mb1text*)
 *(.mb1rodata)
 *(.mb1rodata*)

/DISCARD/
 libc.a(*)
 libm.a(*)
 libgcc.a(*)

.ARM.attributes
                0x0000000000000000       0x30
 *(.ARM.attributes)
 .ARM.attributes
                0x0000000000000000       0x1e c:/st/stm32cubeide_1.10.1/stm32cubeide/plugins/com.st.stm32cube.ide.mcu.externaltools.gnu-tools-for-stm32.10.3-2021.10.win32_1.0.0.202111181127/tools/bin/../lib/gcc/arm-none-eabi/10.3.1/thumb/v7e-m+fp/hard/crti.o
 .ARM.attributes
                0x000000000000001e       0x34 c:/st/stm32cubeide_1.10.1/stm32cubeide/plugins/com.st.stm32cube.ide.mcu.externaltools.gnu-tools-for-stm32.10.3-2021.10.win32_1.0.0.202111181127/tools/bin/../lib/gcc/arm-none-eabi/10.3.1/thumb/v7e-m+fp/hard/crtbegin.o
 .ARM.attributes
                0x0000000000000052       0x34 ./Libraries/STM32F4xx_StdPeriph_Driver/src/stm32f4xx_dac.o
 .ARM.attributes
                0x0000000000000086       0x34 ./Libraries/STM32F4xx_StdPeriph_Driver/src/stm32f4xx_dma.o
 .ARM.attributes
                0x00000000000000ba       0x34 ./Libraries/STM32F4xx_StdPeriph_Driver/src/stm32f4xx_rcc.o
 .ARM.attributes
                0x00000000000000ee       0x34 ./Libraries/STM32F4xx_StdPeriph_Driver/src/stm32f4xx_spi.o
 .ARM.attributes
                0x0000000000000122       0x34 ./Utilities/STM32F4-Discovery/stm32f4_discovery_audio_codec.o
 .ARM.attributes
                0x0000000000000156       0x34 ./src/main.o
 .ARM.attributes
                0x000000000000018a       0x21 ./src/startup_stm32f40xx.o
 .ARM.attributes
                0x00000000000001ab       0x34 ./src/stm32f4xx_it.o
 .ARM.attributes
                0x00000000000001df       0x34 ./src/system_stm32f4xx.o
 .ARM.attributes
                0x0000000000000213       0x34 c:/st/stm32cubeide_1.10.1/stm32cubeide/plugins/com.st.stm32cube.ide.mcu.externaltools.gnu-tools-for-stm32.10.3-2021.10.win32_1.0.0.202111181127/tools/bin/../lib/gcc/arm-none-eabi/10.3.1/../../../../arm-none-eabi/lib/thumb/v7e-m+fp/hard\libc_nano.a(lib_a-init.o)
 .ARM.attributes
                0x0000000000000247       0x1e c:/st/stm32cubeide_1.10.1/stm32cubeide/plugins/com.st.stm32cube.ide.mcu.externaltools.gnu-tools-for-stm32.10.3-2021.10.win32_1.0.0.202111181127/tools/bin/../lib/gcc/arm-none-eabi/10.3.1/thumb/v7e-m+fp/hard/crtn.o
OUTPUT(register_ile_led_yakma.elf elf32-littlearm)
LOAD linker stubs
LOAD c:/st/stm32cubeide_1.10.1/stm32cubeide/plugins/com.st.stm32cube.ide.mcu.externaltools.gnu-tools-for-stm32.10.3-2021.10.win32_1.0.0.202111181127/tools/bin/../lib/gcc/arm-none-eabi/10.3.1/../../../../arm-none-eabi/lib/thumb/v7e-m+fp/hard\libc.a
LOAD c:/st/stm32cubeide_1.10.1/stm32cubeide/plugins/com.st.stm32cube.ide.mcu.externaltools.gnu-tools-for-stm32.10.3-2021.10.win32_1.0.0.202111181127/tools/bin/../lib/gcc/arm-none-eabi/10.3.1/../../../../arm-none-eabi/lib/thumb/v7e-m+fp/hard\libm.a
LOAD c:/st/stm32cubeide_1.10.1/stm32cubeide/plugins/com.st.stm32cube.ide.mcu.externaltools.gnu-tools-for-stm32.10.3-2021.10.win32_1.0.0.202111181127/tools/bin/../lib/gcc/arm-none-eabi/10.3.1/thumb/v7e-m+fp/hard\libgcc.a

.debug_info     0x0000000000000000     0x45d8
 .debug_info    0x0000000000000000      0x695 ./Libraries/STM32F4xx_StdPeriph_Driver/src/stm32f4xx_dac.o
 .debug_info    0x0000000000000695      0x784 ./Libraries/STM32F4xx_StdPeriph_Driver/src/stm32f4xx_dma.o
 .debug_info    0x0000000000000e19      0xd1c ./Libraries/STM32F4xx_StdPeriph_Driver/src/stm32f4xx_rcc.o
 .debug_info    0x0000000000001b35      0xbc5 ./Libraries/STM32F4xx_StdPeriph_Driver/src/stm32f4xx_spi.o
 .debug_info    0x00000000000026fa     0x1566 ./Utilities/STM32F4-Discovery/stm32f4_discovery_audio_codec.o
 .debug_info    0x0000000000003c60      0x23d ./src/main.o
 .debug_info    0x0000000000003e9d       0x22 ./src/startup_stm32f40xx.o
 .debug_info    0x0000000000003ebf      0x112 ./src/stm32f4xx_it.o
 .debug_info    0x0000000000003fd1      0x607 ./src/system_stm32f4xx.o

.debug_abbrev   0x0000000000000000      0xcb0
 .debug_abbrev  0x0000000000000000      0x1b2 ./Libraries/STM32F4xx_StdPeriph_Driver/src/stm32f4xx_dac.o
 .debug_abbrev  0x00000000000001b2      0x169 ./Libraries/STM32F4xx_StdPeriph_Driver/src/stm32f4xx_dma.o
 .debug_abbrev  0x000000000000031b      0x203 ./Libraries/STM32F4xx_StdPeriph_Driver/src/stm32f4xx_rcc.o
 .debug_abbrev  0x000000000000051e      0x197 ./Libraries/STM32F4xx_StdPeriph_Driver/src/stm32f4xx_spi.o
 .debug_abbrev  0x00000000000006b5      0x2ee ./Utilities/STM32F4-Discovery/stm32f4_discovery_audio_codec.o
 .debug_abbrev  0x00000000000009a3      0x14c ./src/main.o
 .debug_abbrev  0x0000000000000aef       0x12 ./src/startup_stm32f40xx.o
 .debug_abbrev  0x0000000000000b01       0x47 ./src/stm32f4xx_it.o
 .debug_abbrev  0x0000000000000b48      0x168 ./src/system_stm32f4xx.o

.debug_aranges  0x0000000000000000      0x5d8
 .debug_aranges
                0x0000000000000000       0xa0 ./Libraries/STM32F4xx_StdPeriph_Driver/src/stm32f4xx_dac.o
 .debug_aranges
                0x00000000000000a0       0xb0 ./Libraries/STM32F4xx_StdPeriph_Driver/src/stm32f4xx_dma.o
 .debug_aranges
                0x0000000000000150      0x180 ./Libraries/STM32F4xx_StdPeriph_Driver/src/stm32f4xx_rcc.o
 .debug_aranges
                0x00000000000002d0       0xe0 ./Libraries/STM32F4xx_StdPeriph_Driver/src/stm32f4xx_spi.o
 .debug_aranges
                0x00000000000003b0      0x130 ./Utilities/STM32F4-Discovery/stm32f4_discovery_audio_codec.o
 .debug_aranges
                0x00000000000004e0       0x40 ./src/main.o
 .debug_aranges
                0x0000000000000520       0x28 ./src/startup_stm32f40xx.o
 .debug_aranges
                0x0000000000000548       0x60 ./src/stm32f4xx_it.o
 .debug_aranges
                0x00000000000005a8       0x30 ./src/system_stm32f4xx.o

.debug_ranges   0x0000000000000000      0x550
 .debug_ranges  0x0000000000000000       0x90 ./Libraries/STM32F4xx_StdPeriph_Driver/src/stm32f4xx_dac.o
 .debug_ranges  0x0000000000000090       0xa0 ./Libraries/STM32F4xx_StdPeriph_Driver/src/stm32f4xx_dma.o
 .debug_ranges  0x0000000000000130      0x170 ./Libraries/STM32F4xx_StdPeriph_Driver/src/stm32f4xx_rcc.o
 .debug_ranges  0x00000000000002a0       0xd0 ./Libraries/STM32F4xx_StdPeriph_Driver/src/stm32f4xx_spi.o
 .debug_ranges  0x0000000000000370      0x120 ./Utilities/STM32F4-Discovery/stm32f4_discovery_audio_codec.o
 .debug_ranges  0x0000000000000490       0x30 ./src/main.o
 .debug_ranges  0x00000000000004c0       0x20 ./src/startup_stm32f40xx.o
 .debug_ranges  0x00000000000004e0       0x50 ./src/stm32f4xx_it.o
 .debug_ranges  0x0000000000000530       0x20 ./src/system_stm32f4xx.o

.debug_macro    0x0000000000000000     0x2157
 .debug_macro   0x0000000000000000      0x1f2 ./Libraries/STM32F4xx_StdPeriph_Driver/src/stm32f4xx_dac.o
 .debug_macro   0x00000000000001f2      0x182 ./Libraries/STM32F4xx_StdPeriph_Driver/src/stm32f4xx_dac.o
 .debug_macro   0x0000000000000374      0x214 ./Libraries/STM32F4xx_StdPeriph_Driver/src/stm32f4xx_dma.o
 .debug_macro   0x0000000000000588      0x471 ./Libraries/STM32F4xx_StdPeriph_Driver/src/stm32f4xx_dma.o
 .debug_macro   0x00000000000009f9      0x27c ./Libraries/STM32F4xx_StdPeriph_Driver/src/stm32f4xx_rcc.o
 .debug_macro   0x0000000000000c75      0x576 ./Libraries/STM32F4xx_StdPeriph_Driver/src/stm32f4xx_rcc.o
 .debug_macro   0x00000000000011eb      0x1eb ./Libraries/STM32F4xx_StdPeriph_Driver/src/stm32f4xx_spi.o
 .debug_macro   0x00000000000013d6      0x366 ./Libraries/STM32F4xx_StdPeriph_Driver/src/stm32f4xx_spi.o
 .debug_macro   0x000000000000173c      0x1e9 ./Utilities/STM32F4-Discovery/stm32f4_discovery_audio_codec.o
 .debug_macro   0x0000000000001925      0x252 ./Utilities/STM32F4-Discovery/stm32f4_discovery_audio_codec.o
 .debug_macro   0x0000000000001b77      0x1bf ./src/main.o
 .debug_macro   0x0000000000001d36       0x88 ./src/main.o
 .debug_macro   0x0000000000001dbe      0x1c0 ./src/stm32f4xx_it.o
 .debug_macro   0x0000000000001f7e      0x1d9 ./src/system_stm32f4xx.o

.debug_line     0x0000000000000000     0x5423
 .debug_line    0x0000000000000000      0x968 ./Libraries/STM32F4xx_StdPeriph_Driver/src/stm32f4xx_dac.o
 .debug_line    0x0000000000000968      0xb02 ./Libraries/STM32F4xx_StdPeriph_Driver/src/stm32f4xx_dma.o
 .debug_line    0x000000000000146a      0xe08 ./Libraries/STM32F4xx_StdPeriph_Driver/src/stm32f4xx_rcc.o
 .debug_line    0x0000000000002272      0xb82 ./Libraries/STM32F4xx_StdPeriph_Driver/src/stm32f4xx_spi.o
 .debug_line    0x0000000000002df4      0xf92 ./Utilities/STM32F4-Discovery/stm32f4_discovery_audio_codec.o
 .debug_line    0x0000000000003d86      0x737 ./src/main.o
 .debug_line    0x00000000000044bd       0x7a ./src/startup_stm32f40xx.o
 .debug_line    0x0000000000004537      0x71f ./src/stm32f4xx_it.o
 .debug_line    0x0000000000004c56      0x7cd ./src/system_stm32f4xx.o

.debug_str      0x0000000000000000    0x5cc32
 .debug_str     0x0000000000000000    0x5990d ./Libraries/STM32F4xx_StdPeriph_Driver/src/stm32f4xx_dac.o
                                      0x59aca (size before relaxing)
 .debug_str     0x000000000005990d      0x6a0 ./Libraries/STM32F4xx_StdPeriph_Driver/src/stm32f4xx_dma.o
                                      0x59db5 (size before relaxing)
 .debug_str     0x0000000000059fad      0xbe1 ./Libraries/STM32F4xx_StdPeriph_Driver/src/stm32f4xx_rcc.o
                                      0x5a331 (size before relaxing)
 .debug_str     0x000000000005ab8e      0x3dd ./Libraries/STM32F4xx_StdPeriph_Driver/src/stm32f4xx_spi.o
                                      0x59ce9 (size before relaxing)
 .debug_str     0x000000000005af6b     0x183e ./Utilities/STM32F4-Discovery/stm32f4_discovery_audio_codec.o
                                      0x5b396 (size before relaxing)
 .debug_str     0x000000000005c7a9      0x27d ./src/main.o
                                      0x599f5 (size before relaxing)
 .debug_str     0x000000000005ca26       0x2a ./src/startup_stm32f40xx.o
                                         0x76 (size before relaxing)
 .debug_str     0x000000000005ca50       0xb8 ./src/stm32f4xx_it.o
                                      0x59744 (size before relaxing)
 .debug_str     0x000000000005cb08      0x12a ./src/system_stm32f4xx.o
                                      0x59920 (size before relaxing)

.comment        0x0000000000000000       0x50
 .comment       0x0000000000000000       0x50 ./Libraries/STM32F4xx_StdPeriph_Driver/src/stm32f4xx_dac.o
                                         0x51 (size before relaxing)
 .comment       0x0000000000000050       0x51 ./Libraries/STM32F4xx_StdPeriph_Driver/src/stm32f4xx_dma.o
 .comment       0x0000000000000050       0x51 ./Libraries/STM32F4xx_StdPeriph_Driver/src/stm32f4xx_rcc.o
 .comment       0x0000000000000050       0x51 ./Libraries/STM32F4xx_StdPeriph_Driver/src/stm32f4xx_spi.o
 .comment       0x0000000000000050       0x51 ./Utilities/STM32F4-Discovery/stm32f4_discovery_audio_codec.o
 .comment       0x0000000000000050       0x51 ./src/main.o
 .comment       0x0000000000000050       0x51 ./src/stm32f4xx_it.o
 .comment       0x0000000000000050       0x51 ./src/system_stm32f4xx.o

.debug_frame    0x0000000000000000     0x17d0
 .debug_frame   0x0000000000000000      0x2ac ./Libraries/STM32F4xx_StdPeriph_Driver/src/stm32f4xx_dac.o
 .debug_frame   0x00000000000002ac      0x308 ./Libraries/STM32F4xx_StdPeriph_Driver/src/stm32f4xx_dma.o
 .debug_frame   0x00000000000005b4      0x6fc ./Libraries/STM32F4xx_StdPeriph_Driver/src/stm32f4xx_rcc.o
 .debug_frame   0x0000000000000cb0      0x3f4 ./Libraries/STM32F4xx_StdPeriph_Driver/src/stm32f4xx_spi.o
 .debug_frame   0x00000000000010a4      0x4bc ./Utilities/STM32F4-Discovery/stm32f4_discovery_audio_codec.o
 .debug_frame   0x0000000000001560       0xb8 ./src/main.o
 .debug_frame   0x0000000000001618      0x110 ./src/stm32f4xx_it.o
 .debug_frame   0x0000000000001728       0x7c ./src/system_stm32f4xx.o
 .debug_frame   0x00000000000017a4       0x2c c:/st/stm32cubeide_1.10.1/stm32cubeide/plugins/com.st.stm32cube.ide.mcu.externaltools.gnu-tools-for-stm32.10.3-2021.10.win32_1.0.0.202111181127/tools/bin/../lib/gcc/arm-none-eabi/10.3.1/../../../../arm-none-eabi/lib/thumb/v7e-m+fp/hard\libc_nano.a(lib_a-init.o)

.stabstr        0x0000000000000000       0x3f
 .stabstr       0x0000000000000000       0x3f c:/st/stm32cubeide_1.10.1/stm32cubeide/plugins/com.st.stm32cube.ide.mcu.externaltools.gnu-tools-for-stm32.10.3-2021.10.win32_1.0.0.202111181127/tools/bin/../lib/gcc/arm-none-eabi/10.3.1/../../../../arm-none-eabi/lib/thumb/v7e-m+fp/hard\libnosys.a(write.o)
