STM_MY_LCD16X2.c:132:13:LCD1602_TIM_MicorSecDelay	0	static
STM_MY_LCD16X2.c:98:13:LCD1602_TIM_Config	32	static
STM_MY_LCD16X2.c:42:13:LCD1602_EnablePulse	16	static
STM_MY_LCD16X2.c:57:13:LCD1602_write	32	static
STM_MY_LCD16X2.c:156:13:LCD1602_write4bitCommand	16	static
STM_MY_LCD16X2.c:140:13:LCD1602_writeCommand	8	static
STM_MY_LCD16X2.c:172:6:LCD1602_Begin8BIT	32	static
STM_MY_LCD16X2.c:214:6:LCD1602_Begin4BIT	24	static
STM_MY_LCD16X2.c:254:6:LCD1602_print	24	static
STM_MY_LCD16X2.c:262:6:LCD1602_setCursor	0	static
STM_MY_LCD16X2.c:277:6:LCD1602_1stLine	0	static
STM_MY_LCD16X2.c:281:6:LCD1602_2ndLine	0	static
STM_MY_LCD16X2.c:286:6:LCD1602_TwoLines	0	static
STM_MY_LCD16X2.c:291:6:LCD1602_OneLine	0	static
STM_MY_LCD16X2.c:297:6:LCD1602_noCursor	0	static
STM_MY_LCD16X2.c:302:6:LCD1602_cursor	0	static
STM_MY_LCD16X2.c:308:6:LCD1602_clear	8	static
STM_MY_LCD16X2.c:314:6:LCD1602_noBlink	0	static
STM_MY_LCD16X2.c:319:6:LCD1602_blink	0	static
STM_MY_LCD16X2.c:325:6:LCD1602_noDisplay	0	static
STM_MY_LCD16X2.c:330:6:LCD1602_display	0	static
STM_MY_LCD16X2.c:336:6:LCD1602_shiftToRight	16	static
STM_MY_LCD16X2.c:343:6:LCD1602_shiftToLeft	16	static
STM_MY_LCD16X2.c:353:6:LCD1602_PrintInt	24	static
STM_MY_LCD16X2.c:360:6:LCD1602_PrintFloat	24	static
